commit=4cdbac4bca91583f6d8ef41f86102d4e46a32b40
run_id=29311116837
run_url=https://github.com/ckbkdj/Xboard/actions/runs/29311116837

#7 [2/8] COPY app /tmp/custom-src/app
#7 DONE 1.0s

#8 [3/8] COPY database /tmp/custom-src/database
#8 DONE 0.0s

#9 [4/8] COPY resources /tmp/custom-src/resources
#9 DONE 0.0s

#10 [5/8] COPY public/assets/custom /tmp/custom-src/public/assets/custom
#10 DONE 0.0s

#11 [6/8] COPY scripts /tmp/custom-src/scripts
#11 DONE 0.0s

#12 [7/8] COPY .docker /tmp/custom-src/.docker
#12 DONE 0.0s

#13 [8/8] RUN set -eux;     php /tmp/custom-src/scripts/patch-carrier-preferred.php         /tmp/custom-src/app/Support/AbstractProtocol.php;     php /tmp/custom-src/scripts/patch-node-admin-metadata.php /tmp/custom-src;     mkdir -p         /www/app/Support         /www/app/Services         /www/app/Console/Commands         /www/app/Http/Requests/Admin         /www/app/Http/Controllers/V2/Admin/Server         /www/app/Models         /www/app/Console         /www/database/migrations         /www/resources/rules         /www/resources/views         /www/public/assets/custom;     cp /tmp/custom-src/app/Support/AbstractProtocol.php         /www/app/Support/AbstractProtocol.php;     cp /tmp/custom-src/app/Services/ServerService.php         /www/app/Services/ServerService.php;     cp /tmp/custom-src/app/Services/ServerTrafficResetService.php         /www/app/Services/ServerTrafficResetService.php;     cp /tmp/custom-src/app/Console/Commands/ResetServerTraffic.php         /www/app/Console/Commands/ResetServerTraffic.php;     cp /tmp/custom-src/app/Models/Server.php         /www/app/Models/Server.php;     cp /tmp/custom-src/app/Http/Requests/Admin/ServerSave.php         /www/app/Http/Requests/Admin/ServerSave.php;     cp /tmp/custom-src/app/Http/Controllers/V2/Admin/Server/ManageController.php         /www/app/Http/Controllers/V2/Admin/Server/ManageController.php;     cp /tmp/custom-src/app/Console/Kernel.php         /www/app/Console/Kernel.php;     cp /tmp/custom-src/database/migrations/2026_07_14_000001_add_admin_metadata_to_servers.php         /www/database/migrations/2026_07_14_000001_add_admin_metadata_to_servers.php;     cp /tmp/custom-src/resources/rules/default.clash.yaml         /www/resources/rules/default.clash.yaml;     cp /tmp/custom-src/resources/views/admin.blade.php         /www/resources/views/admin.blade.php;     cp /tmp/custom-src/public/assets/custom/admin-node-metadata.js         /www/public/assets/custom/admin-node-metadata.js;     cp /tmp/custom-src/.docker/entrypoint.sh /entrypoint.sh;     chmod +x /entrypoint.sh;     php -l /www/app/Support/AbstractProtocol.php;     php -l /www/app/Services/ServerService.php;     php -l /www/app/Services/ServerTrafficResetService.php;     php -l /www/app/Console/Commands/ResetServerTraffic.php;     php -l /www/app/Models/Server.php;     php -l /www/app/Http/Requests/Admin/ServerSave.php;     php -l /www/app/Http/Controllers/V2/Admin/Server/ManageController.php;     php -l /www/app/Console/Kernel.php;     php -l /www/database/migrations/2026_07_14_000001_add_admin_metadata_to_servers.php;     php /tmp/custom-src/scripts/test-carrier-preferred.php;     php /tmp/custom-src/scripts/test-node-admin-metadata.php;     rm -rf /tmp/custom-src
#13 0.040 + php /tmp/custom-src/scripts/patch-carrier-preferred.php /tmp/custom-src/app/Support/AbstractProtocol.php
#13 0.066 Patched carrier preferred entries: automatic VLESS transport detection; origin + Unicom + Mobile + Telecom; shared original transport settings.
#13 0.069 + php /tmp/custom-src/scripts/patch-node-admin-metadata.php /tmp/custom-src
#13 0.096 Patched administrator node metadata, monthly reset schedule, and admin UI.
#13 0.100 + mkdir -p /www/app/Support /www/app/Services /www/app/Console/Commands /www/app/Http/Requests/Admin /www/app/Http/Controllers/V2/Admin/Server /www/app/Models /www/app/Console /www/database/migrations /www/resources/rules /www/resources/views /www/public/assets/custom
#13 0.102 + cp /tmp/custom-src/app/Support/AbstractProtocol.php /www/app/Support/AbstractProtocol.php
#13 0.103 + cp /tmp/custom-src/app/Services/ServerService.php /www/app/Services/ServerService.php
#13 0.104 + cp /tmp/custom-src/app/Services/ServerTrafficResetService.php /www/app/Services/ServerTrafficResetService.php
#13 0.105 + cp /tmp/custom-src/app/Console/Commands/ResetServerTraffic.php /www/app/Console/Commands/ResetServerTraffic.php
#13 0.106 + cp /tmp/custom-src/app/Models/Server.php /www/app/Models/Server.php
#13 0.106 + cp /tmp/custom-src/app/Http/Requests/Admin/ServerSave.php /www/app/Http/Requests/Admin/ServerSave.php
#13 0.108 + cp /tmp/custom-src/app/Http/Controllers/V2/Admin/Server/ManageController.php /www/app/Http/Controllers/V2/Admin/Server/ManageController.php
#13 0.109 + cp /tmp/custom-src/app/Console/Kernel.php /www/app/Console/Kernel.php
#13 0.110 + cp /tmp/custom-src/database/migrations/2026_07_14_000001_add_admin_metadata_to_servers.php /www/database/migrations/2026_07_14_000001_add_admin_metadata_to_servers.php
#13 0.111 + cp /tmp/custom-src/resources/rules/default.clash.yaml /www/resources/rules/default.clash.yaml
#13 0.112 + cp /tmp/custom-src/resources/views/admin.blade.php /www/resources/views/admin.blade.php
#13 0.113 + cp /tmp/custom-src/public/assets/custom/admin-node-metadata.js /www/public/assets/custom/admin-node-metadata.js
#13 0.114 + cp /tmp/custom-src/.docker/entrypoint.sh /entrypoint.sh
#13 0.114 + chmod +x /entrypoint.sh
#13 0.115 + php -l /www/app/Support/AbstractProtocol.php
#13 0.138 No syntax errors detected in /www/app/Support/AbstractProtocol.php
#13 0.141 + php -l /www/app/Services/ServerService.php
#13 0.164 No syntax errors detected in /www/app/Services/ServerService.php
#13 0.167 + php -l /www/app/Services/ServerTrafficResetService.php
#13 0.190 No syntax errors detected in /www/app/Services/ServerTrafficResetService.php
#13 0.193 + php -l /www/app/Console/Commands/ResetServerTraffic.php
#13 0.216 No syntax errors detected in /www/app/Console/Commands/ResetServerTraffic.php
#13 0.219 + php -l /www/app/Models/Server.php
#13 0.242 No syntax errors detected in /www/app/Models/Server.php
#13 0.246 + php -l /www/app/Http/Requests/Admin/ServerSave.php
#13 0.268 No syntax errors detected in /www/app/Http/Requests/Admin/ServerSave.php
#13 0.271 + php -l /www/app/Http/Controllers/V2/Admin/Server/ManageController.php
#13 0.294 No syntax errors detected in /www/app/Http/Controllers/V2/Admin/Server/ManageController.php
#13 0.297 + php -l /www/app/Console/Kernel.php
#13 0.319 No syntax errors detected in /www/app/Console/Kernel.php
#13 0.322 + php -l /www/database/migrations/2026_07_14_000001_add_admin_metadata_to_servers.php
#13 0.345 No syntax errors detected in /www/database/migrations/2026_07_14_000001_add_admin_metadata_to_servers.php
#13 0.349 + php /tmp/custom-src/scripts/test-carrier-preferred.php
#13 0.387 Carrier expansion self-test passed: automatic gRPC/HTTPUpgrade expansion with shared transport settings.
#13 0.391 + php /tmp/custom-src/scripts/test-node-admin-metadata.php
#13 0.448 
#13 0.448 Fatal error: Uncaught RuntimeException: Missing 'filemtime(public_path('assets/custom/admin-node-metadata.js'))' in /www/resources/views/admin.blade.php in /tmp/custom-src/scripts/test-node-admin-metadata.php:13
#13 0.448 Stack trace:
#13 0.448 #0 /tmp/custom-src/scripts/test-node-admin-metadata.php(94): {closure}(false, 'Missing 'filemt...')
#13 0.448 #1 {main}
#13 0.448   thrown in /tmp/custom-src/scripts/test-node-admin-metadata.php on line 13
#13 ERROR: process "/bin/sh -c set -eux;     php /tmp/custom-src/scripts/patch-carrier-preferred.php         /tmp/custom-src/app/Support/AbstractProtocol.php;     php /tmp/custom-src/scripts/patch-node-admin-metadata.php /tmp/custom-src;     mkdir -p         /www/app/Support         /www/app/Services         /www/app/Console/Commands         /www/app/Http/Requests/Admin         /www/app/Http/Controllers/V2/Admin/Server         /www/app/Models         /www/app/Console         /www/database/migrations         /www/resources/rules         /www/resources/views         /www/public/assets/custom;     cp /tmp/custom-src/app/Support/AbstractProtocol.php         /www/app/Support/AbstractProtocol.php;     cp /tmp/custom-src/app/Services/ServerService.php         /www/app/Services/ServerService.php;     cp /tmp/custom-src/app/Services/ServerTrafficResetService.php         /www/app/Services/ServerTrafficResetService.php;     cp /tmp/custom-src/app/Console/Commands/ResetServerTraffic.php         /www/app/Console/Commands/ResetServerTraffic.php;     cp /tmp/custom-src/app/Models/Server.php         /www/app/Models/Server.php;     cp /tmp/custom-src/app/Http/Requests/Admin/ServerSave.php         /www/app/Http/Requests/Admin/ServerSave.php;     cp /tmp/custom-src/app/Http/Controllers/V2/Admin/Server/ManageController.php         /www/app/Http/Controllers/V2/Admin/Server/ManageController.php;     cp /tmp/custom-src/app/Console/Kernel.php         /www/app/Console/Kernel.php;     cp /tmp/custom-src/database/migrations/2026_07_14_000001_add_admin_metadata_to_servers.php         /www/database/migrations/2026_07_14_000001_add_admin_metadata_to_servers.php;     cp /tmp/custom-src/resources/rules/default.clash.yaml         /www/resources/rules/default.clash.yaml;     cp /tmp/custom-src/resources/views/admin.blade.php         /www/resources/views/admin.blade.php;     cp /tmp/custom-src/public/assets/custom/admin-node-metadata.js         /www/public/assets/custom/admin-node-metadata.js;     cp /tmp/custom-src/.docker/entrypoint.sh /entrypoint.sh;     chmod +x /entrypoint.sh;     php -l /www/app/Support/AbstractProtocol.php;     php -l /www/app/Services/ServerService.php;     php -l /www/app/Services/ServerTrafficResetService.php;     php -l /www/app/Console/Commands/ResetServerTraffic.php;     php -l /www/app/Models/Server.php;     php -l /www/app/Http/Requests/Admin/ServerSave.php;     php -l /www/app/Http/Controllers/V2/Admin/Server/ManageController.php;     php -l /www/app/Console/Kernel.php;     php -l /www/database/migrations/2026_07_14_000001_add_admin_metadata_to_servers.php;     php /tmp/custom-src/scripts/test-carrier-preferred.php;     php /tmp/custom-src/scripts/test-node-admin-metadata.php;     rm -rf /tmp/custom-src" did not complete successfully: exit code: 255
------
 > [8/8] RUN set -eux;     php /tmp/custom-src/scripts/patch-carrier-preferred.php         /tmp/custom-src/app/Support/AbstractProtocol.php;     php /tmp/custom-src/scripts/patch-node-admin-metadata.php /tmp/custom-src;     mkdir -p         /www/app/Support         /www/app/Services         /www/app/Console/Commands         /www/app/Http/Requests/Admin         /www/app/Http/Controllers/V2/Admin/Server         /www/app/Models         /www/app/Console         /www/database/migrations         /www/resources/rules         /www/resources/views         /www/public/assets/custom;     cp /tmp/custom-src/app/Support/AbstractProtocol.php         /www/app/Support/AbstractProtocol.php;     cp /tmp/custom-src/app/Services/ServerService.php         /www/app/Services/ServerService.php;     cp /tmp/custom-src/app/Services/ServerTrafficResetService.php         /www/app/Services/ServerTrafficResetService.php;     cp /tmp/custom-src/app/Console/Commands/ResetServerTraffic.php         /www/app/Console/Commands/ResetServerTraffic.php;     cp /tmp/custom-src/app/Models/Server.php         /www/app/Models/Server.php;     cp /tmp/custom-src/app/Http/Requests/Admin/ServerSave.php         /www/app/Http/Requests/Admin/ServerSave.php;     cp /tmp/custom-src/app/Http/Controllers/V2/Admin/Server/ManageController.php         /www/app/Http/Controllers/V2/Admin/Server/ManageController.php;     cp /tmp/custom-src/app/Console/Kernel.php         /www/app/Console/Kernel.php;     cp /tmp/custom-src/database/migrations/2026_07_14_000001_add_admin_metadata_to_servers.php         /www/database/migrations/2026_07_14_000001_add_admin_metadata_to_servers.php;     cp /tmp/custom-src/resources/rules/default.clash.yaml         /www/resources/rules/default.clash.yaml;     cp /tmp/custom-src/resources/views/admin.blade.php         /www/resources/views/admin.blade.php;     cp /tmp/custom-src/public/assets/custom/admin-node-metadata.js         /www/public/assets/custom/admin-node-metadata.js;     cp /tmp/custom-src/.docker/entrypoint.sh /entrypoint.sh;     chmod +x /entrypoint.sh;     php -l /www/app/Support/AbstractProtocol.php;     php -l /www/app/Services/ServerService.php;     php -l /www/app/Services/ServerTrafficResetService.php;     php -l /www/app/Console/Commands/ResetServerTraffic.php;     php -l /www/app/Models/Server.php;     php -l /www/app/Http/Requests/Admin/ServerSave.php;     php -l /www/app/Http/Controllers/V2/Admin/Server/ManageController.php;     php -l /www/app/Console/Kernel.php;     php -l /www/database/migrations/2026_07_14_000001_add_admin_metadata_to_servers.php;     php /tmp/custom-src/scripts/test-carrier-preferred.php;     php /tmp/custom-src/scripts/test-node-admin-metadata.php;     rm -rf /tmp/custom-src:
0.345 No syntax errors detected in /www/database/migrations/2026_07_14_000001_add_admin_metadata_to_servers.php
0.349 + php /tmp/custom-src/scripts/test-carrier-preferred.php
0.387 Carrier expansion self-test passed: automatic gRPC/HTTPUpgrade expansion with shared transport settings.
0.391 + php /tmp/custom-src/scripts/test-node-admin-metadata.php
0.448 
0.448 Fatal error: Uncaught RuntimeException: Missing 'filemtime(public_path('assets/custom/admin-node-metadata.js'))' in /www/resources/views/admin.blade.php in /tmp/custom-src/scripts/test-node-admin-metadata.php:13
0.448 Stack trace:
0.448 #0 /tmp/custom-src/scripts/test-node-admin-metadata.php(94): {closure}(false, 'Missing 'filemt...')
0.448 #1 {main}
0.448   thrown in /tmp/custom-src/scripts/test-node-admin-metadata.php on line 13
------
Dockerfile.custom:13
--------------------
  12 |     
  13 | >>> RUN set -eux; \
  14 | >>>     php /tmp/custom-src/scripts/patch-carrier-preferred.php \
  15 | >>>         /tmp/custom-src/app/Support/AbstractProtocol.php; \
  16 | >>>     php /tmp/custom-src/scripts/patch-node-admin-metadata.php /tmp/custom-src; \
  17 | >>>     mkdir -p \
  18 | >>>         /www/app/Support \
  19 | >>>         /www/app/Services \
  20 | >>>         /www/app/Console/Commands \
  21 | >>>         /www/app/Http/Requests/Admin \
  22 | >>>         /www/app/Http/Controllers/V2/Admin/Server \
  23 | >>>         /www/app/Models \
  24 | >>>         /www/app/Console \
  25 | >>>         /www/database/migrations \
  26 | >>>         /www/resources/rules \
  27 | >>>         /www/resources/views \
  28 | >>>         /www/public/assets/custom; \
  29 | >>>     cp /tmp/custom-src/app/Support/AbstractProtocol.php \
  30 | >>>         /www/app/Support/AbstractProtocol.php; \
  31 | >>>     cp /tmp/custom-src/app/Services/ServerService.php \
  32 | >>>         /www/app/Services/ServerService.php; \
  33 | >>>     cp /tmp/custom-src/app/Services/ServerTrafficResetService.php \
  34 | >>>         /www/app/Services/ServerTrafficResetService.php; \
  35 | >>>     cp /tmp/custom-src/app/Console/Commands/ResetServerTraffic.php \
  36 | >>>         /www/app/Console/Commands/ResetServerTraffic.php; \
  37 | >>>     cp /tmp/custom-src/app/Models/Server.php \
  38 | >>>         /www/app/Models/Server.php; \
  39 | >>>     cp /tmp/custom-src/app/Http/Requests/Admin/ServerSave.php \
  40 | >>>         /www/app/Http/Requests/Admin/ServerSave.php; \
  41 | >>>     cp /tmp/custom-src/app/Http/Controllers/V2/Admin/Server/ManageController.php \
  42 | >>>         /www/app/Http/Controllers/V2/Admin/Server/ManageController.php; \
  43 | >>>     cp /tmp/custom-src/app/Console/Kernel.php \
  44 | >>>         /www/app/Console/Kernel.php; \
  45 | >>>     cp /tmp/custom-src/database/migrations/2026_07_14_000001_add_admin_metadata_to_servers.php \
  46 | >>>         /www/database/migrations/2026_07_14_000001_add_admin_metadata_to_servers.php; \
  47 | >>>     cp /tmp/custom-src/resources/rules/default.clash.yaml \
  48 | >>>         /www/resources/rules/default.clash.yaml; \
  49 | >>>     cp /tmp/custom-src/resources/views/admin.blade.php \
  50 | >>>         /www/resources/views/admin.blade.php; \
  51 | >>>     cp /tmp/custom-src/public/assets/custom/admin-node-metadata.js \
  52 | >>>         /www/public/assets/custom/admin-node-metadata.js; \
  53 | >>>     cp /tmp/custom-src/.docker/entrypoint.sh /entrypoint.sh; \
  54 | >>>     chmod +x /entrypoint.sh; \
  55 | >>>     php -l /www/app/Support/AbstractProtocol.php; \
  56 | >>>     php -l /www/app/Services/ServerService.php; \
  57 | >>>     php -l /www/app/Services/ServerTrafficResetService.php; \
  58 | >>>     php -l /www/app/Console/Commands/ResetServerTraffic.php; \
  59 | >>>     php -l /www/app/Models/Server.php; \
  60 | >>>     php -l /www/app/Http/Requests/Admin/ServerSave.php; \
  61 | >>>     php -l /www/app/Http/Controllers/V2/Admin/Server/ManageController.php; \
  62 | >>>     php -l /www/app/Console/Kernel.php; \
  63 | >>>     php -l /www/database/migrations/2026_07_14_000001_add_admin_metadata_to_servers.php; \
  64 | >>>     php /tmp/custom-src/scripts/test-carrier-preferred.php; \
  65 | >>>     php /tmp/custom-src/scripts/test-node-admin-metadata.php; \
  66 | >>>     rm -rf /tmp/custom-src
  67 |     
--------------------
ERROR: failed to build: failed to solve: process "/bin/sh -c set -eux;     php /tmp/custom-src/scripts/patch-carrier-preferred.php         /tmp/custom-src/app/Support/AbstractProtocol.php;     php /tmp/custom-src/scripts/patch-node-admin-metadata.php /tmp/custom-src;     mkdir -p         /www/app/Support         /www/app/Services         /www/app/Console/Commands         /www/app/Http/Requests/Admin         /www/app/Http/Controllers/V2/Admin/Server         /www/app/Models         /www/app/Console         /www/database/migrations         /www/resources/rules         /www/resources/views         /www/public/assets/custom;     cp /tmp/custom-src/app/Support/AbstractProtocol.php         /www/app/Support/AbstractProtocol.php;     cp /tmp/custom-src/app/Services/ServerService.php         /www/app/Services/ServerService.php;     cp /tmp/custom-src/app/Services/ServerTrafficResetService.php         /www/app/Services/ServerTrafficResetService.php;     cp /tmp/custom-src/app/Console/Commands/ResetServerTraffic.php         /www/app/Console/Commands/ResetServerTraffic.php;     cp /tmp/custom-src/app/Models/Server.php         /www/app/Models/Server.php;     cp /tmp/custom-src/app/Http/Requests/Admin/ServerSave.php         /www/app/Http/Requests/Admin/ServerSave.php;     cp /tmp/custom-src/app/Http/Controllers/V2/Admin/Server/ManageController.php         /www/app/Http/Controllers/V2/Admin/Server/ManageController.php;     cp /tmp/custom-src/app/Console/Kernel.php         /www/app/Console/Kernel.php;     cp /tmp/custom-src/database/migrations/2026_07_14_000001_add_admin_metadata_to_servers.php         /www/database/migrations/2026_07_14_000001_add_admin_metadata_to_servers.php;     cp /tmp/custom-src/resources/rules/default.clash.yaml         /www/resources/rules/default.clash.yaml;     cp /tmp/custom-src/resources/views/admin.blade.php         /www/resources/views/admin.blade.php;     cp /tmp/custom-src/public/assets/custom/admin-node-metadata.js         /www/public/assets/custom/admin-node-metadata.js;     cp /tmp/custom-src/.docker/entrypoint.sh /entrypoint.sh;     chmod +x /entrypoint.sh;     php -l /www/app/Support/AbstractProtocol.php;     php -l /www/app/Services/ServerService.php;     php -l /www/app/Services/ServerTrafficResetService.php;     php -l /www/app/Console/Commands/ResetServerTraffic.php;     php -l /www/app/Models/Server.php;     php -l /www/app/Http/Requests/Admin/ServerSave.php;     php -l /www/app/Http/Controllers/V2/Admin/Server/ManageController.php;     php -l /www/app/Console/Kernel.php;     php -l /www/database/migrations/2026_07_14_000001_add_admin_metadata_to_servers.php;     php /tmp/custom-src/scripts/test-carrier-preferred.php;     php /tmp/custom-src/scripts/test-node-admin-metadata.php;     rm -rf /tmp/custom-src" did not complete successfully: exit code: 255
===== Docker build attempt 2/2 =====
#0 building with "builder-ec34bc4c-2ba8-45bd-a32f-8cc99883f34c" instance using docker-container driver

#1 [internal] load build definition from Dockerfile.custom
#1 transferring dockerfile: 3.39kB done
#1 DONE 0.0s

#2 [internal] load metadata for ghcr.io/cedar2025/xboard:latest
#2 DONE 0.1s

#3 [internal] load .dockerignore
#3 transferring context: 423B done
#3 DONE 0.0s

#4 [1/8] FROM ghcr.io/cedar2025/xboard:latest@sha256:4ce9859d97ffae54edd36a04fb86de2076c80d5178bb4effa4460b0463de37b5
#4 resolve ghcr.io/cedar2025/xboard:latest@sha256:4ce9859d97ffae54edd36a04fb86de2076c80d5178bb4effa4460b0463de37b5 done
#4 DONE 0.0s

#5 [internal] load build context
#5 transferring context: 23.40kB 0.0s done
#5 DONE 0.0s

#6 [5/8] COPY public/assets/custom /tmp/custom-src/public/assets/custom
#6 CACHED

#7 [6/8] COPY scripts /tmp/custom-src/scripts
#7 CACHED

#8 [4/8] COPY resources /tmp/custom-src/resources
#8 CACHED

#9 [2/8] COPY app /tmp/custom-src/app
#9 CACHED

#10 [3/8] COPY database /tmp/custom-src/database
#10 CACHED

#11 [7/8] COPY .docker /tmp/custom-src/.docker
#11 CACHED

#12 [8/8] RUN set -eux;     php /tmp/custom-src/scripts/patch-carrier-preferred.php         /tmp/custom-src/app/Support/AbstractProtocol.php;     php /tmp/custom-src/scripts/patch-node-admin-metadata.php /tmp/custom-src;     mkdir -p         /www/app/Support         /www/app/Services         /www/app/Console/Commands         /www/app/Http/Requests/Admin         /www/app/Http/Controllers/V2/Admin/Server         /www/app/Models         /www/app/Console         /www/database/migrations         /www/resources/rules         /www/resources/views         /www/public/assets/custom;     cp /tmp/custom-src/app/Support/AbstractProtocol.php         /www/app/Support/AbstractProtocol.php;     cp /tmp/custom-src/app/Services/ServerService.php         /www/app/Services/ServerService.php;     cp /tmp/custom-src/app/Services/ServerTrafficResetService.php         /www/app/Services/ServerTrafficResetService.php;     cp /tmp/custom-src/app/Console/Commands/ResetServerTraffic.php         /www/app/Console/Commands/ResetServerTraffic.php;     cp /tmp/custom-src/app/Models/Server.php         /www/app/Models/Server.php;     cp /tmp/custom-src/app/Http/Requests/Admin/ServerSave.php         /www/app/Http/Requests/Admin/ServerSave.php;     cp /tmp/custom-src/app/Http/Controllers/V2/Admin/Server/ManageController.php         /www/app/Http/Controllers/V2/Admin/Server/ManageController.php;     cp /tmp/custom-src/app/Console/Kernel.php         /www/app/Console/Kernel.php;     cp /tmp/custom-src/database/migrations/2026_07_14_000001_add_admin_metadata_to_servers.php         /www/database/migrations/2026_07_14_000001_add_admin_metadata_to_servers.php;     cp /tmp/custom-src/resources/rules/default.clash.yaml         /www/resources/rules/default.clash.yaml;     cp /tmp/custom-src/resources/views/admin.blade.php         /www/resources/views/admin.blade.php;     cp /tmp/custom-src/public/assets/custom/admin-node-metadata.js         /www/public/assets/custom/admin-node-metadata.js;     cp /tmp/custom-src/.docker/entrypoint.sh /entrypoint.sh;     chmod +x /entrypoint.sh;     php -l /www/app/Support/AbstractProtocol.php;     php -l /www/app/Services/ServerService.php;     php -l /www/app/Services/ServerTrafficResetService.php;     php -l /www/app/Console/Commands/ResetServerTraffic.php;     php -l /www/app/Models/Server.php;     php -l /www/app/Http/Requests/Admin/ServerSave.php;     php -l /www/app/Http/Controllers/V2/Admin/Server/ManageController.php;     php -l /www/app/Console/Kernel.php;     php -l /www/database/migrations/2026_07_14_000001_add_admin_metadata_to_servers.php;     php /tmp/custom-src/scripts/test-carrier-preferred.php;     php /tmp/custom-src/scripts/test-node-admin-metadata.php;     rm -rf /tmp/custom-src
#12 0.036 + php /tmp/custom-src/scripts/patch-carrier-preferred.php /tmp/custom-src/app/Support/AbstractProtocol.php
#12 0.061 Patched carrier preferred entries: automatic VLESS transport detection; origin + Unicom + Mobile + Telecom; shared original transport settings.
#12 0.065 + php /tmp/custom-src/scripts/patch-node-admin-metadata.php /tmp/custom-src
#12 0.092 Patched administrator node metadata, monthly reset schedule, and admin UI.
#12 0.095 + mkdir -p /www/app/Support /www/app/Services /www/app/Console/Commands /www/app/Http/Requests/Admin /www/app/Http/Controllers/V2/Admin/Server /www/app/Models /www/app/Console /www/database/migrations /www/resources/rules /www/resources/views /www/public/assets/custom
#12 0.097 + cp /tmp/custom-src/app/Support/AbstractProtocol.php /www/app/Support/AbstractProtocol.php
#12 0.099 + cp /tmp/custom-src/app/Services/ServerService.php /www/app/Services/ServerService.php
#12 0.100 + cp /tmp/custom-src/app/Services/ServerTrafficResetService.php /www/app/Services/ServerTrafficResetService.php
#12 0.100 + cp /tmp/custom-src/app/Console/Commands/ResetServerTraffic.php /www/app/Console/Commands/ResetServerTraffic.php
#12 0.101 + cp /tmp/custom-src/app/Models/Server.php /www/app/Models/Server.php
#12 0.102 + cp /tmp/custom-src/app/Http/Requests/Admin/ServerSave.php /www/app/Http/Requests/Admin/ServerSave.php
#12 0.104 + cp /tmp/custom-src/app/Http/Controllers/V2/Admin/Server/ManageController.php /www/app/Http/Controllers/V2/Admin/Server/ManageController.php
#12 0.105 + cp /tmp/custom-src/app/Console/Kernel.php /www/app/Console/Kernel.php
#12 0.106 + cp /tmp/custom-src/database/migrations/2026_07_14_000001_add_admin_metadata_to_servers.php /www/database/migrations/2026_07_14_000001_add_admin_metadata_to_servers.php
#12 0.107 + cp /tmp/custom-src/resources/rules/default.clash.yaml /www/resources/rules/default.clash.yaml
#12 0.108 + cp /tmp/custom-src/resources/views/admin.blade.php /www/resources/views/admin.blade.php
#12 0.109 + cp /tmp/custom-src/public/assets/custom/admin-node-metadata.js /www/public/assets/custom/admin-node-metadata.js
#12 0.110 + cp /tmp/custom-src/.docker/entrypoint.sh /entrypoint.sh
#12 0.111 + chmod +x /entrypoint.sh
#12 0.111 + php -l /www/app/Support/AbstractProtocol.php
#12 0.134 No syntax errors detected in /www/app/Support/AbstractProtocol.php
#12 0.137 + php -l /www/app/Services/ServerService.php
#12 0.160 No syntax errors detected in /www/app/Services/ServerService.php
#12 0.163 + php -l /www/app/Services/ServerTrafficResetService.php
#12 0.185 No syntax errors detected in /www/app/Services/ServerTrafficResetService.php
#12 0.188 + php -l /www/app/Console/Commands/ResetServerTraffic.php
#12 0.209 No syntax errors detected in /www/app/Console/Commands/ResetServerTraffic.php
#12 0.212 + php -l /www/app/Models/Server.php
#12 0.233 No syntax errors detected in /www/app/Models/Server.php
#12 0.236 + php -l /www/app/Http/Requests/Admin/ServerSave.php
#12 0.257 No syntax errors detected in /www/app/Http/Requests/Admin/ServerSave.php
#12 0.260 + php -l /www/app/Http/Controllers/V2/Admin/Server/ManageController.php
#12 0.282 No syntax errors detected in /www/app/Http/Controllers/V2/Admin/Server/ManageController.php
#12 0.285 + php -l /www/app/Console/Kernel.php
#12 0.307 No syntax errors detected in /www/app/Console/Kernel.php
#12 0.310 + php -l /www/database/migrations/2026_07_14_000001_add_admin_metadata_to_servers.php
#12 0.333 No syntax errors detected in /www/database/migrations/2026_07_14_000001_add_admin_metadata_to_servers.php
#12 0.336 + php /tmp/custom-src/scripts/test-carrier-preferred.php
#12 0.373 Carrier expansion self-test passed: automatic gRPC/HTTPUpgrade expansion with shared transport settings.
#12 0.376 + php /tmp/custom-src/scripts/test-node-admin-metadata.php
#12 0.431 
#12 0.431 Fatal error: Uncaught RuntimeException: Missing 'filemtime(public_path('assets/custom/admin-node-metadata.js'))' in /www/resources/views/admin.blade.php in /tmp/custom-src/scripts/test-node-admin-metadata.php:13
#12 0.431 Stack trace:
#12 0.431 #0 /tmp/custom-src/scripts/test-node-admin-metadata.php(94): {closure}(false, 'Missing 'filemt...')
#12 0.431 #1 {main}
#12 0.431   thrown in /tmp/custom-src/scripts/test-node-admin-metadata.php on line 13
#12 ERROR: process "/bin/sh -c set -eux;     php /tmp/custom-src/scripts/patch-carrier-preferred.php         /tmp/custom-src/app/Support/AbstractProtocol.php;     php /tmp/custom-src/scripts/patch-node-admin-metadata.php /tmp/custom-src;     mkdir -p         /www/app/Support         /www/app/Services         /www/app/Console/Commands         /www/app/Http/Requests/Admin         /www/app/Http/Controllers/V2/Admin/Server         /www/app/Models         /www/app/Console         /www/database/migrations         /www/resources/rules         /www/resources/views         /www/public/assets/custom;     cp /tmp/custom-src/app/Support/AbstractProtocol.php         /www/app/Support/AbstractProtocol.php;     cp /tmp/custom-src/app/Services/ServerService.php         /www/app/Services/ServerService.php;     cp /tmp/custom-src/app/Services/ServerTrafficResetService.php         /www/app/Services/ServerTrafficResetService.php;     cp /tmp/custom-src/app/Console/Commands/ResetServerTraffic.php         /www/app/Console/Commands/ResetServerTraffic.php;     cp /tmp/custom-src/app/Models/Server.php         /www/app/Models/Server.php;     cp /tmp/custom-src/app/Http/Requests/Admin/ServerSave.php         /www/app/Http/Requests/Admin/ServerSave.php;     cp /tmp/custom-src/app/Http/Controllers/V2/Admin/Server/ManageController.php         /www/app/Http/Controllers/V2/Admin/Server/ManageController.php;     cp /tmp/custom-src/app/Console/Kernel.php         /www/app/Console/Kernel.php;     cp /tmp/custom-src/database/migrations/2026_07_14_000001_add_admin_metadata_to_servers.php         /www/database/migrations/2026_07_14_000001_add_admin_metadata_to_servers.php;     cp /tmp/custom-src/resources/rules/default.clash.yaml         /www/resources/rules/default.clash.yaml;     cp /tmp/custom-src/resources/views/admin.blade.php         /www/resources/views/admin.blade.php;     cp /tmp/custom-src/public/assets/custom/admin-node-metadata.js         /www/public/assets/custom/admin-node-metadata.js;     cp /tmp/custom-src/.docker/entrypoint.sh /entrypoint.sh;     chmod +x /entrypoint.sh;     php -l /www/app/Support/AbstractProtocol.php;     php -l /www/app/Services/ServerService.php;     php -l /www/app/Services/ServerTrafficResetService.php;     php -l /www/app/Console/Commands/ResetServerTraffic.php;     php -l /www/app/Models/Server.php;     php -l /www/app/Http/Requests/Admin/ServerSave.php;     php -l /www/app/Http/Controllers/V2/Admin/Server/ManageController.php;     php -l /www/app/Console/Kernel.php;     php -l /www/database/migrations/2026_07_14_000001_add_admin_metadata_to_servers.php;     php /tmp/custom-src/scripts/test-carrier-preferred.php;     php /tmp/custom-src/scripts/test-node-admin-metadata.php;     rm -rf /tmp/custom-src" did not complete successfully: exit code: 255
------
 > [8/8] RUN set -eux;     php /tmp/custom-src/scripts/patch-carrier-preferred.php         /tmp/custom-src/app/Support/AbstractProtocol.php;     php /tmp/custom-src/scripts/patch-node-admin-metadata.php /tmp/custom-src;     mkdir -p         /www/app/Support         /www/app/Services         /www/app/Console/Commands         /www/app/Http/Requests/Admin         /www/app/Http/Controllers/V2/Admin/Server         /www/app/Models         /www/app/Console         /www/database/migrations         /www/resources/rules         /www/resources/views         /www/public/assets/custom;     cp /tmp/custom-src/app/Support/AbstractProtocol.php         /www/app/Support/AbstractProtocol.php;     cp /tmp/custom-src/app/Services/ServerService.php         /www/app/Services/ServerService.php;     cp /tmp/custom-src/app/Services/ServerTrafficResetService.php         /www/app/Services/ServerTrafficResetService.php;     cp /tmp/custom-src/app/Console/Commands/ResetServerTraffic.php         /www/app/Console/Commands/ResetServerTraffic.php;     cp /tmp/custom-src/app/Models/Server.php         /www/app/Models/Server.php;     cp /tmp/custom-src/app/Http/Requests/Admin/ServerSave.php         /www/app/Http/Requests/Admin/ServerSave.php;     cp /tmp/custom-src/app/Http/Controllers/V2/Admin/Server/ManageController.php         /www/app/Http/Controllers/V2/Admin/Server/ManageController.php;     cp /tmp/custom-src/app/Console/Kernel.php         /www/app/Console/Kernel.php;     cp /tmp/custom-src/database/migrations/2026_07_14_000001_add_admin_metadata_to_servers.php         /www/database/migrations/2026_07_14_000001_add_admin_metadata_to_servers.php;     cp /tmp/custom-src/resources/rules/default.clash.yaml         /www/resources/rules/default.clash.yaml;     cp /tmp/custom-src/resources/views/admin.blade.php         /www/resources/views/admin.blade.php;     cp /tmp/custom-src/public/assets/custom/admin-node-metadata.js         /www/public/assets/custom/admin-node-metadata.js;     cp /tmp/custom-src/.docker/entrypoint.sh /entrypoint.sh;     chmod +x /entrypoint.sh;     php -l /www/app/Support/AbstractProtocol.php;     php -l /www/app/Services/ServerService.php;     php -l /www/app/Services/ServerTrafficResetService.php;     php -l /www/app/Console/Commands/ResetServerTraffic.php;     php -l /www/app/Models/Server.php;     php -l /www/app/Http/Requests/Admin/ServerSave.php;     php -l /www/app/Http/Controllers/V2/Admin/Server/ManageController.php;     php -l /www/app/Console/Kernel.php;     php -l /www/database/migrations/2026_07_14_000001_add_admin_metadata_to_servers.php;     php /tmp/custom-src/scripts/test-carrier-preferred.php;     php /tmp/custom-src/scripts/test-node-admin-metadata.php;     rm -rf /tmp/custom-src:
0.333 No syntax errors detected in /www/database/migrations/2026_07_14_000001_add_admin_metadata_to_servers.php
0.336 + php /tmp/custom-src/scripts/test-carrier-preferred.php
0.373 Carrier expansion self-test passed: automatic gRPC/HTTPUpgrade expansion with shared transport settings.
0.376 + php /tmp/custom-src/scripts/test-node-admin-metadata.php
0.431 
0.431 Fatal error: Uncaught RuntimeException: Missing 'filemtime(public_path('assets/custom/admin-node-metadata.js'))' in /www/resources/views/admin.blade.php in /tmp/custom-src/scripts/test-node-admin-metadata.php:13
0.431 Stack trace:
0.431 #0 /tmp/custom-src/scripts/test-node-admin-metadata.php(94): {closure}(false, 'Missing 'filemt...')
0.431 #1 {main}
0.431   thrown in /tmp/custom-src/scripts/test-node-admin-metadata.php on line 13
------
Dockerfile.custom:13
--------------------
  12 |     
  13 | >>> RUN set -eux; \
  14 | >>>     php /tmp/custom-src/scripts/patch-carrier-preferred.php \
  15 | >>>         /tmp/custom-src/app/Support/AbstractProtocol.php; \
  16 | >>>     php /tmp/custom-src/scripts/patch-node-admin-metadata.php /tmp/custom-src; \
  17 | >>>     mkdir -p \
  18 | >>>         /www/app/Support \
  19 | >>>         /www/app/Services \
  20 | >>>         /www/app/Console/Commands \
  21 | >>>         /www/app/Http/Requests/Admin \
  22 | >>>         /www/app/Http/Controllers/V2/Admin/Server \
  23 | >>>         /www/app/Models \
  24 | >>>         /www/app/Console \
  25 | >>>         /www/database/migrations \
  26 | >>>         /www/resources/rules \
  27 | >>>         /www/resources/views \
  28 | >>>         /www/public/assets/custom; \
  29 | >>>     cp /tmp/custom-src/app/Support/AbstractProtocol.php \
  30 | >>>         /www/app/Support/AbstractProtocol.php; \
  31 | >>>     cp /tmp/custom-src/app/Services/ServerService.php \
  32 | >>>         /www/app/Services/ServerService.php; \
  33 | >>>     cp /tmp/custom-src/app/Services/ServerTrafficResetService.php \
  34 | >>>         /www/app/Services/ServerTrafficResetService.php; \
  35 | >>>     cp /tmp/custom-src/app/Console/Commands/ResetServerTraffic.php \
  36 | >>>         /www/app/Console/Commands/ResetServerTraffic.php; \
  37 | >>>     cp /tmp/custom-src/app/Models/Server.php \
  38 | >>>         /www/app/Models/Server.php; \
  39 | >>>     cp /tmp/custom-src/app/Http/Requests/Admin/ServerSave.php \
  40 | >>>         /www/app/Http/Requests/Admin/ServerSave.php; \
  41 | >>>     cp /tmp/custom-src/app/Http/Controllers/V2/Admin/Server/ManageController.php \
  42 | >>>         /www/app/Http/Controllers/V2/Admin/Server/ManageController.php; \
  43 | >>>     cp /tmp/custom-src/app/Console/Kernel.php \
  44 | >>>         /www/app/Console/Kernel.php; \
  45 | >>>     cp /tmp/custom-src/database/migrations/2026_07_14_000001_add_admin_metadata_to_servers.php \
  46 | >>>         /www/database/migrations/2026_07_14_000001_add_admin_metadata_to_servers.php; \
  47 | >>>     cp /tmp/custom-src/resources/rules/default.clash.yaml \
  48 | >>>         /www/resources/rules/default.clash.yaml; \
  49 | >>>     cp /tmp/custom-src/resources/views/admin.blade.php \
  50 | >>>         /www/resources/views/admin.blade.php; \
  51 | >>>     cp /tmp/custom-src/public/assets/custom/admin-node-metadata.js \
  52 | >>>         /www/public/assets/custom/admin-node-metadata.js; \
  53 | >>>     cp /tmp/custom-src/.docker/entrypoint.sh /entrypoint.sh; \
  54 | >>>     chmod +x /entrypoint.sh; \
  55 | >>>     php -l /www/app/Support/AbstractProtocol.php; \
  56 | >>>     php -l /www/app/Services/ServerService.php; \
  57 | >>>     php -l /www/app/Services/ServerTrafficResetService.php; \
  58 | >>>     php -l /www/app/Console/Commands/ResetServerTraffic.php; \
  59 | >>>     php -l /www/app/Models/Server.php; \
  60 | >>>     php -l /www/app/Http/Requests/Admin/ServerSave.php; \
  61 | >>>     php -l /www/app/Http/Controllers/V2/Admin/Server/ManageController.php; \
  62 | >>>     php -l /www/app/Console/Kernel.php; \
  63 | >>>     php -l /www/database/migrations/2026_07_14_000001_add_admin_metadata_to_servers.php; \
  64 | >>>     php /tmp/custom-src/scripts/test-carrier-preferred.php; \
  65 | >>>     php /tmp/custom-src/scripts/test-node-admin-metadata.php; \
  66 | >>>     rm -rf /tmp/custom-src
  67 |     
--------------------
ERROR: failed to build: failed to solve: process "/bin/sh -c set -eux;     php /tmp/custom-src/scripts/patch-carrier-preferred.php         /tmp/custom-src/app/Support/AbstractProtocol.php;     php /tmp/custom-src/scripts/patch-node-admin-metadata.php /tmp/custom-src;     mkdir -p         /www/app/Support         /www/app/Services         /www/app/Console/Commands         /www/app/Http/Requests/Admin         /www/app/Http/Controllers/V2/Admin/Server         /www/app/Models         /www/app/Console         /www/database/migrations         /www/resources/rules         /www/resources/views         /www/public/assets/custom;     cp /tmp/custom-src/app/Support/AbstractProtocol.php         /www/app/Support/AbstractProtocol.php;     cp /tmp/custom-src/app/Services/ServerService.php         /www/app/Services/ServerService.php;     cp /tmp/custom-src/app/Services/ServerTrafficResetService.php         /www/app/Services/ServerTrafficResetService.php;     cp /tmp/custom-src/app/Console/Commands/ResetServerTraffic.php         /www/app/Console/Commands/ResetServerTraffic.php;     cp /tmp/custom-src/app/Models/Server.php         /www/app/Models/Server.php;     cp /tmp/custom-src/app/Http/Requests/Admin/ServerSave.php         /www/app/Http/Requests/Admin/ServerSave.php;     cp /tmp/custom-src/app/Http/Controllers/V2/Admin/Server/ManageController.php         /www/app/Http/Controllers/V2/Admin/Server/ManageController.php;     cp /tmp/custom-src/app/Console/Kernel.php         /www/app/Console/Kernel.php;     cp /tmp/custom-src/database/migrations/2026_07_14_000001_add_admin_metadata_to_servers.php         /www/database/migrations/2026_07_14_000001_add_admin_metadata_to_servers.php;     cp /tmp/custom-src/resources/rules/default.clash.yaml         /www/resources/rules/default.clash.yaml;     cp /tmp/custom-src/resources/views/admin.blade.php         /www/resources/views/admin.blade.php;     cp /tmp/custom-src/public/assets/custom/admin-node-metadata.js         /www/public/assets/custom/admin-node-metadata.js;     cp /tmp/custom-src/.docker/entrypoint.sh /entrypoint.sh;     chmod +x /entrypoint.sh;     php -l /www/app/Support/AbstractProtocol.php;     php -l /www/app/Services/ServerService.php;     php -l /www/app/Services/ServerTrafficResetService.php;     php -l /www/app/Console/Commands/ResetServerTraffic.php;     php -l /www/app/Models/Server.php;     php -l /www/app/Http/Requests/Admin/ServerSave.php;     php -l /www/app/Http/Controllers/V2/Admin/Server/ManageController.php;     php -l /www/app/Console/Kernel.php;     php -l /www/database/migrations/2026_07_14_000001_add_admin_metadata_to_servers.php;     php /tmp/custom-src/scripts/test-carrier-preferred.php;     php /tmp/custom-src/scripts/test-node-admin-metadata.php;     rm -rf /tmp/custom-src" did not complete successfully: exit code: 255
